[     757ms] [INFO] <Suspense> is an experimental feature and its API will likely change. @ https://tlb.betteroff.studio/_nuxt/BGLHITTy.js:21
[     864ms] [WARNING] [Vue warn]: Hydration text content mismatch on JSHandle@node 
  - rendered on server: Showcase (July)
  - expected on client: Showcase (June) 
  at <Index ref="carousel" class="carousel" > 
  at <Index onVnodeUnmounted=fn<onVnodeUnmounted> ref=Ref< undefined > > 
  at <RouteProvider key="/" vnode= {__v_isVNode: true, __v_skip: true, type: Object, props: Object, key: null} route= {fullPath: /, hash: , query: Object, name: index, path: /}  ... > 
  at <BaseTransition onAfterLeave= [] mode="" onEnter=fn  ... > 
  at <Transition onAfterLeave= [] css=false name="page"  ... > 
  at <RouterView name=undefined route=undefined > 
  at <NuxtPage> 
  at <Default ref=Ref< undefined > > 
  at <AsyncComponentWrapper ref=Ref< undefined > > 
  at <LayoutLoader key="default" layoutProps= {ref: Ew} name="default" > 
  at <NuxtLayoutProvider layoutProps= {ref: Ew} key="default" name="default"  ... > 
  at <NuxtLayout> 
  at <Anonymous key=4 > 
  at <NuxtRoot> @ https://tlb.betteroff.studio/_nuxt/BGLHITTy.js:3
[     865ms] [ERROR] Hydration completed but contains mismatches. @ https://tlb.betteroff.studio/_nuxt/BGLHITTy.js:4
[     866ms] [WARNING] [Vue warn]: Hydration text content mismatch on JSHandle@node 
  - rendered on server: Showcase (July)
  - expected on client: Showcase (June) 
  at <Index ref="carousel" class="carousel" > 
  at <Index onVnodeUnmounted=fn<onVnodeUnmounted> ref=Ref< undefined > > 
  at <RouteProvider key="/" vnode= {__v_isVNode: true, __v_skip: true, type: Object, props: Object, key: null} route= {fullPath: /, hash: , query: Object, name: index, path: /}  ... > 
  at <BaseTransition onAfterLeave= [] mode="" onEnter=fn  ... > 
  at <Transition onAfterLeave= [] css=false name="page"  ... > 
  at <RouterView name=undefined route=undefined > 
  at <NuxtPage> 
  at <Default ref=Ref< undefined > > 
  at <AsyncComponentWrapper ref=Ref< undefined > > 
  at <LayoutLoader key="default" layoutProps= {ref: Ew} name="default" > 
  at <NuxtLayoutProvider layoutProps= {ref: Ew} key="default" name="default"  ... > 
  at <NuxtLayout> 
  at <Anonymous key=4 > 
  at <NuxtRoot> @ https://tlb.betteroff.studio/_nuxt/BGLHITTy.js:3
[     867ms] [WARNING] [Vue warn]: Hydration text content mismatch on JSHandle@node 
  - rendered on server: Showcase (July)
  - expected on client: Showcase (June) 
  at <Index ref="carousel" class="carousel" > 
  at <Index onVnodeUnmounted=fn<onVnodeUnmounted> ref=Ref< undefined > > 
  at <RouteProvider key="/" vnode= {__v_isVNode: true, __v_skip: true, type: Object, props: Object, key: null} route= {fullPath: /, hash: , query: Object, name: index, path: /}  ... > 
  at <BaseTransition onAfterLeave= [] mode="" onEnter=fn  ... > 
  at <Transition onAfterLeave= [] css=false name="page"  ... > 
  at <RouterView name=undefined route=undefined > 
  at <NuxtPage> 
  at <Default ref=Ref< undefined > > 
  at <AsyncComponentWrapper ref=Ref< undefined > > 
  at <LayoutLoader key="default" layoutProps= {ref: Ew} name="default" > 
  at <NuxtLayoutProvider layoutProps= {ref: Ew} key="default" name="default"  ... > 
  at <NuxtLayout> 
  at <Anonymous key=4 > 
  at <NuxtRoot> @ https://tlb.betteroff.studio/_nuxt/BGLHITTy.js:3
[     878ms] [WARNING] [Vue warn]: Hydration text content mismatch on JSHandle@node 
  - rendered on server: Educate (November)
  - expected on client: Educate (October) 
  at <Index ref="carousel" class="carousel" > 
  at <Index onVnodeUnmounted=fn<onVnodeUnmounted> ref=Ref< undefined > > 
  at <RouteProvider key="/" vnode= {__v_isVNode: true, __v_skip: true, type: Object, props: Object, key: null} route= {fullPath: /, hash: , query: Object, name: index, path: /}  ... > 
  at <BaseTransition onAfterLeave= [] mode="" onEnter=fn  ... > 
  at <Transition onAfterLeave= [] css=false name="page"  ... > 
  at <RouterView name=undefined route=undefined > 
  at <NuxtPage> 
  at <Default ref=Ref< undefined > > 
  at <AsyncComponentWrapper ref=Ref< undefined > > 
  at <LayoutLoader key="default" layoutProps= {ref: Ew} name="default" > 
  at <NuxtLayoutProvider layoutProps= {ref: Ew} key="default" name="default"  ... > 
  at <NuxtLayout> 
  at <Anonymous key=4 > 
  at <NuxtRoot> @ https://tlb.betteroff.studio/_nuxt/BGLHITTy.js:3
[     882ms] [WARNING] [Vue warn]: Hydration text content mismatch on JSHandle@node 
  - rendered on server: Inspire (August)
  - expected on client: Inspire (July) 
  at <Index ref="carousel" class="carousel" > 
  at <Index onVnodeUnmounted=fn<onVnodeUnmounted> ref=Ref< undefined > > 
  at <RouteProvider key="/" vnode= {__v_isVNode: true, __v_skip: true, type: Object, props: Object, key: null} route= {fullPath: /, hash: , query: Object, name: index, path: /}  ... > 
  at <BaseTransition onAfterLeave= [] mode="" onEnter=fn  ... > 
  at <Transition onAfterLeave= [] css=false name="page"  ... > 
  at <RouterView name=undefined route=undefined > 
  at <NuxtPage> 
  at <Default ref=Ref< undefined > > 
  at <AsyncComponentWrapper ref=Ref< undefined > > 
  at <LayoutLoader key="default" layoutProps= {ref: Ew} name="default" > 
  at <NuxtLayoutProvider layoutProps= {ref: Ew} key="default" name="default"  ... > 
  at <NuxtLayout> 
  at <Anonymous key=4 > 
  at <NuxtRoot> @ https://tlb.betteroff.studio/_nuxt/BGLHITTy.js:3
[     886ms] [WARNING] [Vue warn]: Hydration text content mismatch on JSHandle@node 
  - rendered on server: Inspire (June)
  - expected on client: Inspire (May) 
  at <Index ref="carousel" class="carousel" > 
  at <Index onVnodeUnmounted=fn<onVnodeUnmounted> ref=Ref< undefined > > 
  at <RouteProvider key="/" vnode= {__v_isVNode: true, __v_skip: true, type: Object, props: Object, key: null} route= {fullPath: /, hash: , query: Object, name: index, path: /}  ... > 
  at <BaseTransition onAfterLeave= [] mode="" onEnter=fn  ... > 
  at <Transition onAfterLeave= [] css=false name="page"  ... > 
  at <RouterView name=undefined route=undefined > 
  at <NuxtPage> 
  at <Default ref=Ref< undefined > > 
  at <AsyncComponentWrapper ref=Ref< undefined > > 
  at <LayoutLoader key="default" layoutProps= {ref: Ew} name="default" > 
  at <NuxtLayoutProvider layoutProps= {ref: Ew} key="default" name="default"  ... > 
  at <NuxtLayout> 
  at <Anonymous key=4 > 
  at <NuxtRoot> @ https://tlb.betteroff.studio/_nuxt/BGLHITTy.js:3
[     887ms] [WARNING] [Vue warn]: Hydration text content mismatch on JSHandle@node 
  - rendered on server: Inspire (June)
  - expected on client: Inspire (May) 
  at <Index ref="carousel" class="carousel" > 
  at <Index onVnodeUnmounted=fn<onVnodeUnmounted> ref=Ref< undefined > > 
  at <RouteProvider key="/" vnode= {__v_isVNode: true, __v_skip: true, type: Object, props: Object, key: null} route= {fullPath: /, hash: , query: Object, name: index, path: /}  ... > 
  at <BaseTransition onAfterLeave= [] mode="" onEnter=fn  ... > 
  at <Transition onAfterLeave= [] css=false name="page"  ... > 
  at <RouterView name=undefined route=undefined > 
  at <NuxtPage> 
  at <Default ref=Ref< undefined > > 
  at <AsyncComponentWrapper ref=Ref< undefined > > 
  at <LayoutLoader key="default" layoutProps= {ref: Ew} name="default" > 
  at <NuxtLayoutProvider layoutProps= {ref: Ew} key="default" name="default"  ... > 
  at <NuxtLayout> 
  at <Anonymous key=4 > 
  at <NuxtRoot> @ https://tlb.betteroff.studio/_nuxt/BGLHITTy.js:3
[     888ms] [WARNING] [Vue warn]: Hydration text content mismatch on JSHandle@node 
  - rendered on server: Inspire (June)
  - expected on client: Inspire (May) 
  at <Index ref="carousel" class="carousel" > 
  at <Index onVnodeUnmounted=fn<onVnodeUnmounted> ref=Ref< undefined > > 
  at <RouteProvider key="/" vnode= {__v_isVNode: true, __v_skip: true, type: Object, props: Object, key: null} route= {fullPath: /, hash: , query: Object, name: index, path: /}  ... > 
  at <BaseTransition onAfterLeave= [] mode="" onEnter=fn  ... > 
  at <Transition onAfterLeave= [] css=false name="page"  ... > 
  at <RouterView name=undefined route=undefined > 
  at <NuxtPage> 
  at <Default ref=Ref< undefined > > 
  at <AsyncComponentWrapper ref=Ref< undefined > > 
  at <LayoutLoader key="default" layoutProps= {ref: Ew} name="default" > 
  at <NuxtLayoutProvider layoutProps= {ref: Ew} key="default" name="default"  ... > 
  at <NuxtLayout> 
  at <Anonymous key=4 > 
  at <NuxtRoot> @ https://tlb.betteroff.studio/_nuxt/BGLHITTy.js:3
[     891ms] [WARNING] [Vue warn]: Hydration text content mismatch on JSHandle@node 
  - rendered on server: Educate (May)
  - expected on client: Educate (April) 
  at <Index ref="carousel" class="carousel" > 
  at <Index onVnodeUnmounted=fn<onVnodeUnmounted> ref=Ref< undefined > > 
  at <RouteProvider key="/" vnode= {__v_isVNode: true, __v_skip: true, type: Object, props: Object, key: null} route= {fullPath: /, hash: , query: Object, name: index, path: /}  ... > 
  at <BaseTransition onAfterLeave= [] mode="" onEnter=fn  ... > 
  at <Transition onAfterLeave= [] css=false name="page"  ... > 
  at <RouterView name=undefined route=undefined > 
  at <NuxtPage> 
  at <Default ref=Ref< undefined > > 
  at <AsyncComponentWrapper ref=Ref< undefined > > 
  at <LayoutLoader key="default" layoutProps= {ref: Ew} name="default" > 
  at <NuxtLayoutProvider layoutProps= {ref: Ew} key="default" name="default"  ... > 
  at <NuxtLayout> 
  at <Anonymous key=4 > 
  at <NuxtRoot> @ https://tlb.betteroff.studio/_nuxt/BGLHITTy.js:3
[     892ms] [WARNING] [Vue warn]: Hydration text content mismatch on JSHandle@node 
  - rendered on server: Educate (May)
  - expected on client: Educate (April) 
  at <Index ref="carousel" class="carousel" > 
  at <Index onVnodeUnmounted=fn<onVnodeUnmounted> ref=Ref< undefined > > 
  at <RouteProvider key="/" vnode= {__v_isVNode: true, __v_skip: true, type: Object, props: Object, key: null} route= {fullPath: /, hash: , query: Object, name: index, path: /}  ... > 
  at <BaseTransition onAfterLeave= [] mode="" onEnter=fn  ... > 
  at <Transition onAfterLeave= [] css=false name="page"  ... > 
  at <RouterView name=undefined route=undefined > 
  at <NuxtPage> 
  at <Default ref=Ref< undefined > > 
  at <AsyncComponentWrapper ref=Ref< undefined > > 
  at <LayoutLoader key="default" layoutProps= {ref: Ew} name="default" > 
  at <NuxtLayoutProvider layoutProps= {ref: Ew} key="default" name="default"  ... > 
  at <NuxtLayout> 
  at <Anonymous key=4 > 
  at <NuxtRoot> @ https://tlb.betteroff.studio/_nuxt/BGLHITTy.js:3
[     894ms] [WARNING] [Vue warn]: Hydration text content mismatch on JSHandle@node 
  - rendered on server: Educate (April)
  - expected on client: Educate (March) 
  at <Index ref="carousel" class="carousel" > 
  at <Index onVnodeUnmounted=fn<onVnodeUnmounted> ref=Ref< undefined > > 
  at <RouteProvider key="/" vnode= {__v_isVNode: true, __v_skip: true, type: Object, props: Object, key: null} route= {fullPath: /, hash: , query: Object, name: index, path: /}  ... > 
  at <BaseTransition onAfterLeave= [] mode="" onEnter=fn  ... > 
  at <Transition onAfterLeave= [] css=false name="page"  ... > 
  at <RouterView name=undefined route=undefined > 
  at <NuxtPage> 
  at <Default ref=Ref< undefined > > 
  at <AsyncComponentWrapper ref=Ref< undefined > > 
  at <LayoutLoader key="default" layoutProps= {ref: Ew} name="default" > 
  at <NuxtLayoutProvider layoutProps= {ref: Ew} key="default" name="default"  ... > 
  at <NuxtLayout> 
  at <Anonymous key=4 > 
  at <NuxtRoot> @ https://tlb.betteroff.studio/_nuxt/BGLHITTy.js:3
[     895ms] [WARNING] [Vue warn]: Hydration text content mismatch on JSHandle@node 
  - rendered on server: Educate (April)
  - expected on client: Educate (March) 
  at <Index ref="carousel" class="carousel" > 
  at <Index onVnodeUnmounted=fn<onVnodeUnmounted> ref=Ref< undefined > > 
  at <RouteProvider key="/" vnode= {__v_isVNode: true, __v_skip: true, type: Object, props: Object, key: null} route= {fullPath: /, hash: , query: Object, name: index, path: /}  ... > 
  at <BaseTransition onAfterLeave= [] mode="" onEnter=fn  ... > 
  at <Transition onAfterLeave= [] css=false name="page"  ... > 
  at <RouterView name=undefined route=undefined > 
  at <NuxtPage> 
  at <Default ref=Ref< undefined > > 
  at <AsyncComponentWrapper ref=Ref< undefined > > 
  at <LayoutLoader key="default" layoutProps= {ref: Ew} name="default" > 
  at <NuxtLayoutProvider layoutProps= {ref: Ew} key="default" name="default"  ... > 
  at <NuxtLayout> 
  at <Anonymous key=4 > 
  at <NuxtRoot> @ https://tlb.betteroff.studio/_nuxt/BGLHITTy.js:3
[     896ms] [WARNING] [Vue warn]: Hydration text content mismatch on JSHandle@node 
  - rendered on server: Educate (March)
  - expected on client: Educate (February) 
  at <Index ref="carousel" class="carousel" > 
  at <Index onVnodeUnmounted=fn<onVnodeUnmounted> ref=Ref< undefined > > 
  at <RouteProvider key="/" vnode= {__v_isVNode: true, __v_skip: true, type: Object, props: Object, key: null} route= {fullPath: /, hash: , query: Object, name: index, path: /}  ... > 
  at <BaseTransition onAfterLeave= [] mode="" onEnter=fn  ... > 
  at <Transition onAfterLeave= [] css=false name="page"  ... > 
  at <RouterView name=undefined route=undefined > 
  at <NuxtPage> 
  at <Default ref=Ref< undefined > > 
  at <AsyncComponentWrapper ref=Ref< undefined > > 
  at <LayoutLoader key="default" layoutProps= {ref: Ew} name="default" > 
  at <NuxtLayoutProvider layoutProps= {ref: Ew} key="default" name="default"  ... > 
  at <NuxtLayout> 
  at <Anonymous key=4 > 
  at <NuxtRoot> @ https://tlb.betteroff.studio/_nuxt/BGLHITTy.js:3
[     900ms] [WARNING] [Vue warn]: Hydration text content mismatch on JSHandle@node 
  - rendered on server: Educate (February)
  - expected on client: Educate (January) 
  at <Index ref="carousel" class="carousel" > 
  at <Index onVnodeUnmounted=fn<onVnodeUnmounted> ref=Ref< undefined > > 
  at <RouteProvider key="/" vnode= {__v_isVNode: true, __v_skip: true, type: Object, props: Object, key: null} route= {fullPath: /, hash: , query: Object, name: index, path: /}  ... > 
  at <BaseTransition onAfterLeave= [] mode="" onEnter=fn  ... > 
  at <Transition onAfterLeave= [] css=false name="page"  ... > 
  at <RouterView name=undefined route=undefined > 
  at <NuxtPage> 
  at <Default ref=Ref< undefined > > 
  at <AsyncComponentWrapper ref=Ref< undefined > > 
  at <LayoutLoader key="default" layoutProps= {ref: Ew} name="default" > 
  at <NuxtLayoutProvider layoutProps= {ref: Ew} key="default" name="default"  ... > 
  at <NuxtLayout> 
  at <Anonymous key=4 > 
  at <NuxtRoot> @ https://tlb.betteroff.studio/_nuxt/BGLHITTy.js:3
[     901ms] [WARNING] [Vue warn]: Hydration text content mismatch on JSHandle@node 
  - rendered on server: Educate (February)
  - expected on client: Educate (January) 
  at <Index ref="carousel" class="carousel" > 
  at <Index onVnodeUnmounted=fn<onVnodeUnmounted> ref=Ref< undefined > > 
  at <RouteProvider key="/" vnode= {__v_isVNode: true, __v_skip: true, type: Object, props: Object, key: null} route= {fullPath: /, hash: , query: Object, name: index, path: /}  ... > 
  at <BaseTransition onAfterLeave= [] mode="" onEnter=fn  ... > 
  at <Transition onAfterLeave= [] css=false name="page"  ... > 
  at <RouterView name=undefined route=undefined > 
  at <NuxtPage> 
  at <Default ref=Ref< undefined > > 
  at <AsyncComponentWrapper ref=Ref< undefined > > 
  at <LayoutLoader key="default" layoutProps= {ref: Ew} name="default" > 
  at <NuxtLayoutProvider layoutProps= {ref: Ew} key="default" name="default"  ... > 
  at <NuxtLayout> 
  at <Anonymous key=4 > 
  at <NuxtRoot> @ https://tlb.betteroff.studio/_nuxt/BGLHITTy.js:3
[     903ms] [WARNING] [Vue warn]: Hydration text content mismatch on JSHandle@node 
  - rendered on server: Showcase (January)
  - expected on client: Showcase (December) 
  at <Index ref="carousel" class="carousel" > 
  at <Index onVnodeUnmounted=fn<onVnodeUnmounted> ref=Ref< undefined > > 
  at <RouteProvider key="/" vnode= {__v_isVNode: true, __v_skip: true, type: Object, props: Object, key: null} route= {fullPath: /, hash: , query: Object, name: index, path: /}  ... > 
  at <BaseTransition onAfterLeave= [] mode="" onEnter=fn  ... > 
  at <Transition onAfterLeave= [] css=false name="page"  ... > 
  at <RouterView name=undefined route=undefined > 
  at <NuxtPage> 
  at <Default ref=Ref< undefined > > 
  at <AsyncComponentWrapper ref=Ref< undefined > > 
  at <LayoutLoader key="default" layoutProps= {ref: Ew} name="default" > 
  at <NuxtLayoutProvider layoutProps= {ref: Ew} key="default" name="default"  ... > 
  at <NuxtLayout> 
  at <Anonymous key=4 > 
  at <NuxtRoot> @ https://tlb.betteroff.studio/_nuxt/BGLHITTy.js:3
[     906ms] [WARNING] [Vue warn]: Hydration text content mismatch on JSHandle@node 
  - rendered on server: Showcase (January)
  - expected on client: Showcase (December) 
  at <Index ref="carousel" class="carousel" > 
  at <Index onVnodeUnmounted=fn<onVnodeUnmounted> ref=Ref< undefined > > 
  at <RouteProvider key="/" vnode= {__v_isVNode: true, __v_skip: true, type: Object, props: Object, key: null} route= {fullPath: /, hash: , query: Object, name: index, path: /}  ... > 
  at <BaseTransition onAfterLeave= [] mode="" onEnter=fn  ... > 
  at <Transition onAfterLeave= [] css=false name="page"  ... > 
  at <RouterView name=undefined route=undefined > 
  at <NuxtPage> 
  at <Default ref=Ref< undefined > > 
  at <AsyncComponentWrapper ref=Ref< undefined > > 
  at <LayoutLoader key="default" layoutProps= {ref: Ew} name="default" > 
  at <NuxtLayoutProvider layoutProps= {ref: Ew} key="default" name="default"  ... > 
  at <NuxtLayout> 
  at <Anonymous key=4 > 
  at <NuxtRoot> @ https://tlb.betteroff.studio/_nuxt/BGLHITTy.js:3
[     907ms] [WARNING] [Vue warn]: Hydration text content mismatch on JSHandle@node 
  - rendered on server: Showcase (January)
  - expected on client: Showcase (December) 
  at <Index ref="carousel" class="carousel" > 
  at <Index onVnodeUnmounted=fn<onVnodeUnmounted> ref=Ref< undefined > > 
  at <RouteProvider key="/" vnode= {__v_isVNode: true, __v_skip: true, type: Object, props: Object, key: null} route= {fullPath: /, hash: , query: Object, name: index, path: /}  ... > 
  at <BaseTransition onAfterLeave= [] mode="" onEnter=fn  ... > 
  at <Transition onAfterLeave= [] css=false name="page"  ... > 
  at <RouterView name=undefined route=undefined > 
  at <NuxtPage> 
  at <Default ref=Ref< undefined > > 
  at <AsyncComponentWrapper ref=Ref< undefined > > 
  at <LayoutLoader key="default" layoutProps= {ref: Ew} name="default" > 
  at <NuxtLayoutProvider layoutProps= {ref: Ew} key="default" name="default"  ... > 
  at <NuxtLayout> 
  at <Anonymous key=4 > 
  at <NuxtRoot> @ https://tlb.betteroff.studio/_nuxt/BGLHITTy.js:3
