[      28ms] [ERROR] Failed to load resource: the server responded with a status of 500 (Internal Server Error) @ http://localhost:3001/:0
[     174ms] [INFO] %cDownload the React DevTools for a better development experience: https://reactjs.org/link/react-devtools font-weight:bold @ webpack-internal:///./node_modules/react-dom/cjs/react-dom.development.js:29889
[     187ms] ModuleBuildError: Module build failed (from ./node_modules/next/dist/build/webpack/loaders/next-swc-loader.js):
Error: ENOENT: no such file or directory, open 'C:\Users\matth\Personal\Software\hiromix\node_modules\buffer\index.js'
    at processResult (file://C:\Users\matth\Personal\Software\hiromix\node_modules\next\dist\compiled\webpack\bundle5.js:28:400590)
    at <unknown> (file://C:\Users\matth\Personal\Software\hiromix\node_modules\next\dist\compiled\webpack\bundle5.js:28:402302)
    at <unknown> (file://C:\Users\matth\Personal\Software\hiromix\node_modules\next\dist\compiled\loader-runner\LoaderRunner.js:1:8645)
    at <unknown> (file://C:\Users\matth\Personal\Software\hiromix\node_modules\next\dist\compiled\loader-runner\LoaderRunner.js:1:5353)
    at <unknown> (file://C:\Users\matth\Personal\Software\hiromix\node_modules\next\dist\compiled\webpack\bundle5.js:28:401715)
    at eval (file://C:\Users\matth\Personal\Software\hiromix\node_modules\next\dist\compiled\webpack\bundle5.js:13:28858)
    at Array.<anonymous> (file://C:\Users\matth\Personal\Software\hiromix\node_modules\next\dist\build\webpack\plugins\profiling-plugin.js:179:29)
    at runCallbacks (file://C:\Users\matth\Personal\Software\hiromix\node_modules\next\dist\compiled\webpack\bundle5.js:1:167958)
    at ReadFileContext.<anonymous> (file://C:\Users\matth\Personal\Software\hiromix\node_modules\next\dist\compiled\webpack\bundle5.js:1:170085)
    at ReadFileContext.callback (file://C:\Users\matth\Personal\Software\hiromix\node_modules\next\dist\compiled\webpack\bundle5.js:1:268941)
    at FSReqCallback.readFileAfterOpen [as oncomplete] (node:fs:297:13)
[     183ms] [LOG] [HMR] connected @ webpack-internal:///./node_modules/next/dist/client/components/react-dev-overlay/pages/websocket.js:38
[     183ms] [ERROR] ./node_modules/buffer/index.js
Error: ENOENT: no such file or directory, open 'C:\Users\matth\Personal\Software\hiromix\node_modules\buffer\index.js' @ webpack-internal:///./node_modules/next/dist/client/components/react-dev-overlay/internal/helpers/hydration-error-info.js:62
[   56548ms] [LOG] [Fast Refresh] rebuilding @ webpack-internal:///./node_modules/next/dist/client/components/react-dev-overlay/pages/hot-reloader-client.js:221
[   56874ms] [LOG] [Fast Refresh] rebuilding @ webpack-internal:///./node_modules/next/dist/client/components/react-dev-overlay/pages/hot-reloader-client.js:221
[   57396ms] [ERROR] Failed to load resource: the server responded with a status of 404 (Not Found) @ http://localhost:3001/_next/static/webpack/e5e0a859e7ac00b3.webpack.hot-update.json:0
[   57396ms] [WARNING] [Fast Refresh] performing full reload because your application had an unrecoverable error @ webpack-internal:///./node_modules/next/dist/client/components/react-dev-overlay/pages/hot-reloader-client.js:349
[   57835ms] [INFO] %cDownload the React DevTools for a better development experience: https://reactjs.org/link/react-devtools font-weight:bold @ webpack-internal:///(app-pages-browser)/./node_modules/next/dist/compiled/react-dom/cjs/react-dom.development.js:38559
[   58181ms] [ERROR] Failed to load resource: the server responded with a status of 404 (Not Found) @ http://localhost:3001/sounds/paper-pickup.mp3:0
[   58181ms] [ERROR] Failed to load resource: the server responded with a status of 404 (Not Found) @ http://localhost:3001/sounds/paper-pickup.mp3:0
[   58192ms] [WARNING] Failed to load paper-pickup sound: Failed loading audio file with status: 404. @ webpack-internal:///(app-pages-browser)/./src/lib/useSoundManager.ts:78
[   58192ms] [WARNING] Failed to load paper-pickup sound: Failed loading audio file with status: 404. @ webpack-internal:///(app-pages-browser)/./src/lib/useSoundManager.ts:78
[   58197ms] [WARNING] Failed to load tick sound: Decoding audio data failed. @ webpack-internal:///(app-pages-browser)/./src/lib/useSoundManager.ts:65
[   58197ms] [WARNING] Failed to load paper-crumple sound: Decoding audio data failed. @ webpack-internal:///(app-pages-browser)/./src/lib/useSoundManager.ts:102
[   58197ms] [WARNING] Failed to load paper-place sound: Decoding audio data failed. @ webpack-internal:///(app-pages-browser)/./src/lib/useSoundManager.ts:90
[   58197ms] [WARNING] Failed to load paper-fall sound: Decoding audio data failed. @ webpack-internal:///(app-pages-browser)/./src/lib/useSoundManager.ts:114
[   59024ms] [ERROR] Warning: %s: `ref` is not a prop. Trying to access it will result in `undefined` being returned. If you need to access the same value within the child component, you should pass it as a different prop. (https://reactjs.org/link/special-props)%s [object Object] 
    at PopChild (webpack-internal:///(app-pages-browser)/./node_modules/framer-motion/dist/es/components/AnimatePresence/PopChild.mjs:46:11)
    at PresenceChild (webpack-internal:///(app-pages-browser)/./node_modules/framer-motion/dist/es/components/AnimatePresence/PresenceChild.mjs:18:11)
    at AnimatePresence (webpack-internal:///(app-pages-browser)/./node_modules/framer-motion/dist/es/components/AnimatePresence/index.mjs:55:11)
    at StickyNote (webpack-internal:///(app-pages-browser)/./src/components/StickyNote.tsx:15:11)
    at div
    at div
    at div
    at TimelineCarousel (webpack-internal:///(app-pages-browser)/./src/components/TimelineCarousel.tsx:181:11)
    at Suspense
    at LoadableComponent
    at div
    at main
    at Home (webpack-internal:///(app-pages-browser)/./src/app/page.tsx:52:88)
    at ClientPageRoot (webpack-internal:///(app-pages-browser)/./node_modules/next/dist/client/components/client-page.js:14:11)
    at InnerLayoutRouter (webpack-internal:///(app-pages-browser)/./node_modules/next/dist/client/components/layout-router.js:243:11)
    at RedirectErrorBoundary (webpack-internal:///(app-pages-browser)/./node_modules/next/dist/client/components/redirect-boundary.js:74:9)
    at RedirectBoundary (webpack-internal:///(app-pages-browser)/./node_modules/next/dist/client/components/redirect-boundary.js:82:11)
    at NotFoundErrorBoundary (webpack-internal:///(app-pages-browser)/./node_modules/next/dist/client/components/not-found-boundary.js:76:9)
    at NotFoundBoundary (webpack-internal:///(app-pages-browser)/./node_modules/next/dist/client/components/not-found-boundary.js:84:11)
    at LoadingBoundary (webpack-internal:///(app-pages-browser)/./node_modules/next/dist/client/components/layout-router.js:349:11)
    at ErrorBoundary (webpack-internal:///(app-pages-browser)/./node_modules/next/dist/client/components/error-boundary.js:160:11)
    at InnerScrollAndFocusHandler (webpack-internal:///(app-pages-browser)/./node_modules/next/dist/client/components/layout-router.js:153:9)
    at ScrollAndFocusHandler (webpack-internal:///(app-pages-browser)/./node_modules/next/dist/client/components/layout-router.js:228:11)
    at RenderFromTemplateContext (webpack-internal:///(app-pages-browser)/./node_modules/next/dist/client/components/render-from-template-context.js:16:44)
    at OuterLayoutRouter (webpack-internal:///(app-pages-browser)/./node_modules/next/dist/client/components/layout-router.js:370:11)
    at body
    at html
    at RootLayout (Server)
    at RedirectErrorBoundary (webpack-internal:///(app-pages-browser)/./node_modules/next/dist/client/components/redirect-boundary.js:74:9)
    at RedirectBoundary (webpack-internal:///(app-pages-browser)/./node_modules/next/dist/client/components/redirect-boundary.js:82:11)
    at NotFoundErrorBoundary (webpack-internal:///(app-pages-browser)/./node_modules/next/dist/client/components/not-found-boundary.js:76:9)
    at NotFoundBoundary (webpack-internal:///(app-pages-browser)/./node_modules/next/dist/client/components/not-found-boundary.js:84:11)
    at DevRootNotFoundBoundary (webpack-internal:///(app-pages-browser)/./node_modules/next/dist/client/components/dev-root-not-found-boundary.js:33:11)
    at ReactDevOverlay (webpack-internal:///(app-pages-browser)/./node_modules/next/dist/client/components/react-dev-overlay/app/ReactDevOverlay.js:87:9)
    at HotReload (webpack-internal:///(app-pages-browser)/./node_modules/next/dist/client/components/react-dev-overlay/app/hot-reloader-client.js:321:11)
    at Router (webpack-internal:///(app-pages-browser)/./node_modules/next/dist/client/components/app-router.js:207:11)
    at ErrorBoundaryHandler (webpack-internal:///(app-pages-browser)/./node_modules/next/dist/client/components/error-boundary.js:113:9)
    at ErrorBoundary (webpack-internal:///(app-pages-browser)/./node_modules/next/dist/client/components/error-boundary.js:160:11)
    at AppRouter (webpack-internal:///(app-pages-browser)/./node_modules/next/dist/client/components/app-router.js:585:13)
    at ServerRoot (webpack-internal:///(app-pages-browser)/./node_modules/next/dist/client/app-index.js:112:27)
    at Root (webpack-internal:///(app-pages-browser)/./node_modules/next/dist/client/app-index.js:117:11) @ webpack-internal:///(app-pages-browser)/./node_modules/next/dist/client/app-index.js:32
[   60084ms] [ERROR] Failed to load resource: the server responded with a status of 404 (Not Found) @ http://localhost:3001/favicon.ico:0
