[     535ms] [INFO] %cDownload the React DevTools for a better development experience: https://reactjs.org/link/react-devtools font-weight:bold @ webpack-internal:///(app-pages-browser)/./node_modules/next/dist/compiled/react-dom/cjs/react-dom.development.js:38559
[     928ms] [ERROR] Failed to load resource: the server responded with a status of 404 (Not Found) @ http://localhost:3004/sounds/paper-pickup.mp3:0
[     939ms] [WARNING] Failed to load paper-pickup sound: Failed loading audio file with status: 404. @ webpack-internal:///(app-pages-browser)/./src/lib/useSoundManager.ts:78
[     941ms] [ERROR] Failed to load resource: the server responded with a status of 404 (Not Found) @ http://localhost:3004/sounds/paper-pickup.mp3:0
[     942ms] [WARNING] Failed to load tick sound: Decoding audio data failed. @ webpack-internal:///(app-pages-browser)/./src/lib/useSoundManager.ts:65
[     942ms] [WARNING] Failed to load paper-crumple sound: Decoding audio data failed. @ webpack-internal:///(app-pages-browser)/./src/lib/useSoundManager.ts:102
[     943ms] [WARNING] Failed to load paper-place sound: Decoding audio data failed. @ webpack-internal:///(app-pages-browser)/./src/lib/useSoundManager.ts:90
[     943ms] [WARNING] Failed to load paper-fall sound: Decoding audio data failed. @ webpack-internal:///(app-pages-browser)/./src/lib/useSoundManager.ts:114
[     947ms] [WARNING] Failed to load paper-pickup sound: Failed loading audio file with status: 404. @ webpack-internal:///(app-pages-browser)/./src/lib/useSoundManager.ts:78
[    1414ms] [ERROR] Warning: %s: `ref` is not a prop. Trying to access it will result in `undefined` being returned. If you need to access the same value within the child component, you should pass it as a different prop. (https://reactjs.org/link/special-props)%s [object Object] 
    at PopChild (webpack-internal:///(app-pages-browser)/./node_modules/framer-motion/dist/es/components/AnimatePresence/PopChild.mjs:46:11)
    at PresenceChild (webpack-internal:///(app-pages-browser)/./node_modules/framer-motion/dist/es/components/AnimatePresence/PresenceChild.mjs:18:11)
    at AnimatePresence (webpack-internal:///(app-pages-browser)/./node_modules/framer-motion/dist/es/components/AnimatePresence/index.mjs:55:11)
    at StickyNote (webpack-internal:///(app-pages-browser)/./src/components/StickyNote.tsx:15:11)
    at div
    at div
    at div
    at TimelineCarousel (webpack-internal:///(app-pages-browser)/./src/components/TimelineCarousel.tsx:156:11)
    at Suspense
    at LoadableComponent
    at div
    at main
    at Home (webpack-internal:///(app-pages-browser)/./src/app/page.tsx:52:88)
    at ClientPageRoot (webpack-internal:///(app-pages-browser)/./node_modules/next/dist/client/components/client-page.js:14:11)
    at InnerLayoutRouter (webpack-internal:///(app-pages-browser)/./node_modules/next/dist/client/components/layout-router.js:243:11)
    at RedirectErrorBoundary (webpack-internal:///(app-pages-browser)/./node_modules/next/dist/client/components/redirect-boundary.js:74:9)
    at RedirectBoundary (webpack-internal:///(app-pages-browser)/./node_modules/next/dist/client/components/redirect-boundary.js:82:11)
    at NotFoundErrorBoundary (webpack-internal:///(app-pages-browser)/./node_modules/next/dist/client/components/not-found-boundary.js:76:9)
    at NotFoundBoundary (webpack-internal:///(app-pages-browser)/./node_modules/next/dist/client/components/not-found-boundary.js:84:11)
    at LoadingBoundary (webpack-internal:///(app-pages-browser)/./node_modules/next/dist/client/components/layout-router.js:349:11)
    at ErrorBoundary (webpack-internal:///(app-pages-browser)/./node_modules/next/dist/client/components/error-boundary.js:160:11)
    at InnerScrollAndFocusHandler (webpack-internal:///(app-pages-browser)/./node_modules/next/dist/client/components/layout-router.js:153:9)
    at ScrollAndFocusHandler (webpack-internal:///(app-pages-browser)/./node_modules/next/dist/client/components/layout-router.js:228:11)
    at RenderFromTemplateContext (webpack-internal:///(app-pages-browser)/./node_modules/next/dist/client/components/render-from-template-context.js:16:44)
    at OuterLayoutRouter (webpack-internal:///(app-pages-browser)/./node_modules/next/dist/client/components/layout-router.js:370:11)
    at body
    at html
    at RootLayout (Server)
    at RedirectErrorBoundary (webpack-internal:///(app-pages-browser)/./node_modules/next/dist/client/components/redirect-boundary.js:74:9)
    at RedirectBoundary (webpack-internal:///(app-pages-browser)/./node_modules/next/dist/client/components/redirect-boundary.js:82:11)
    at NotFoundErrorBoundary (webpack-internal:///(app-pages-browser)/./node_modules/next/dist/client/components/not-found-boundary.js:76:9)
    at NotFoundBoundary (webpack-internal:///(app-pages-browser)/./node_modules/next/dist/client/components/not-found-boundary.js:84:11)
    at DevRootNotFoundBoundary (webpack-internal:///(app-pages-browser)/./node_modules/next/dist/client/components/dev-root-not-found-boundary.js:33:11)
    at ReactDevOverlay (webpack-internal:///(app-pages-browser)/./node_modules/next/dist/client/components/react-dev-overlay/app/ReactDevOverlay.js:87:9)
    at HotReload (webpack-internal:///(app-pages-browser)/./node_modules/next/dist/client/components/react-dev-overlay/app/hot-reloader-client.js:321:11)
    at Router (webpack-internal:///(app-pages-browser)/./node_modules/next/dist/client/components/app-router.js:207:11)
    at ErrorBoundaryHandler (webpack-internal:///(app-pages-browser)/./node_modules/next/dist/client/components/error-boundary.js:113:9)
    at ErrorBoundary (webpack-internal:///(app-pages-browser)/./node_modules/next/dist/client/components/error-boundary.js:160:11)
    at AppRouter (webpack-internal:///(app-pages-browser)/./node_modules/next/dist/client/components/app-router.js:585:13)
    at ServerRoot (webpack-internal:///(app-pages-browser)/./node_modules/next/dist/client/app-index.js:112:27)
    at Root (webpack-internal:///(app-pages-browser)/./node_modules/next/dist/client/app-index.js:117:11) @ webpack-internal:///(app-pages-browser)/./node_modules/next/dist/client/app-index.js:32
[    3227ms] [ERROR] Failed to load resource: the server responded with a status of 404 (Not Found) @ http://localhost:3004/favicon.ico:0
[   35971ms] [WARNING] Canvas2D: Multiple readback operations using getImageData are faster with the willReadFrequently attribute set to true. See: https://html.spec.whatwg.org/multipage/canvas.html#concept-canvas-will-read-frequently @ :4
[ 1980608ms] [LOG] [Fast Refresh] rebuilding @ webpack-internal:///(app-pages-browser)/./node_modules/next/dist/client/components/react-dev-overlay/app/hot-reloader-client.js:186
[ 1980850ms] [LOG] [Fast Refresh] rebuilding @ webpack-internal:///(app-pages-browser)/./node_modules/next/dist/client/components/react-dev-overlay/app/hot-reloader-client.js:186
[ 1980857ms] [WARNING] [Fast Refresh] performing full reload

Fast Refresh will perform a full reload when you edit a file that's imported by modules outside of the React rendering tree.
You might have a file which exports a React component but also exports a value that is imported by a non-React component file.
Consider migrating the non-React component export to a separate file and importing it into both files.

It is also possible the parent component of the component you edited is a class component, which disables Fast Refresh.
Fast Refresh requires at least one parent function component in your React tree. @ webpack-internal:///(app-pages-browser)/./node_modules/next/dist/client/components/react-dev-overlay/app/hot-reloader-client.js:112
[ 1981625ms] [ERROR] Failed to fetch RSC payload for http://localhost:3004/. Falling back to browser navigation. TypeError: network error @ webpack-internal:///(app-pages-browser)/./node_modules/next/dist/client/app-index.js:32
[ 1982037ms] [INFO] %cDownload the React DevTools for a better development experience: https://reactjs.org/link/react-devtools font-weight:bold @ webpack-internal:///(app-pages-browser)/./node_modules/next/dist/compiled/react-dom/cjs/react-dom.development.js:38559
[ 1982486ms] [LOG] [Fast Refresh] rebuilding @ webpack-internal:///(app-pages-browser)/./node_modules/next/dist/client/components/react-dev-overlay/app/hot-reloader-client.js:186
[ 1982520ms] [WARNING] Failed to load tick sound: Decoding audio data failed. @ webpack-internal:///(app-pages-browser)/./src/lib/useSoundManager.ts:65
[ 1982520ms] [WARNING] Failed to load paper-crumple sound: Decoding audio data failed. @ webpack-internal:///(app-pages-browser)/./src/lib/useSoundManager.ts:102
[ 1982520ms] [WARNING] Failed to load paper-place sound: Decoding audio data failed. @ webpack-internal:///(app-pages-browser)/./src/lib/useSoundManager.ts:90
[ 1982521ms] [WARNING] Failed to load paper-fall sound: Decoding audio data failed. @ webpack-internal:///(app-pages-browser)/./src/lib/useSoundManager.ts:114
[ 1982563ms] [LOG] [Fast Refresh] done in 77ms @ webpack-internal:///(app-pages-browser)/./node_modules/next/dist/client/components/react-dev-overlay/app/hot-reloader-client.js:43
[ 1982645ms] [ERROR] Failed to load resource: the server responded with a status of 404 (Not Found) @ http://localhost:3004/sounds/paper-pickup.mp3:0
[ 1982652ms] [WARNING] Failed to load paper-pickup sound: Failed loading audio file with status: 404. @ webpack-internal:///(app-pages-browser)/./src/lib/useSoundManager.ts:78
[ 1982652ms] [ERROR] Failed to load resource: the server responded with a status of 404 (Not Found) @ http://localhost:3004/_next/static/webpack/28b1a09a65b69c12.webpack.hot-update.json:0
[ 1982654ms] [ERROR] Failed to load resource: the server responded with a status of 404 (Not Found) @ http://localhost:3004/sounds/paper-pickup.mp3:0
[ 1982659ms] [WARNING] Failed to load paper-pickup sound: Failed loading audio file with status: 404. @ webpack-internal:///(app-pages-browser)/./src/lib/useSoundManager.ts:78
[ 1983141ms] [INFO] %cDownload the React DevTools for a better development experience: https://reactjs.org/link/react-devtools font-weight:bold @ webpack-internal:///(app-pages-browser)/./node_modules/next/dist/compiled/react-dom/cjs/react-dom.development.js:38559
[ 1983473ms] [ERROR] Failed to load resource: the server responded with a status of 404 (Not Found) @ http://localhost:3004/sounds/paper-pickup.mp3:0
[ 1983480ms] [WARNING] Failed to load paper-pickup sound: Failed loading audio file with status: 404. @ webpack-internal:///(app-pages-browser)/./src/lib/useSoundManager.ts:78
[ 1983481ms] [ERROR] Failed to load resource: the server responded with a status of 404 (Not Found) @ http://localhost:3004/sounds/paper-pickup.mp3:0
[ 1983481ms] [WARNING] Failed to load tick sound: Decoding audio data failed. @ webpack-internal:///(app-pages-browser)/./src/lib/useSoundManager.ts:65
[ 1983482ms] [WARNING] Failed to load paper-crumple sound: Decoding audio data failed. @ webpack-internal:///(app-pages-browser)/./src/lib/useSoundManager.ts:102
[ 1983482ms] [WARNING] Failed to load paper-place sound: Decoding audio data failed. @ webpack-internal:///(app-pages-browser)/./src/lib/useSoundManager.ts:90
[ 1983482ms] [WARNING] Failed to load paper-fall sound: Decoding audio data failed. @ webpack-internal:///(app-pages-browser)/./src/lib/useSoundManager.ts:114
[ 1983494ms] [WARNING] Failed to load paper-pickup sound: Failed loading audio file with status: 404. @ webpack-internal:///(app-pages-browser)/./src/lib/useSoundManager.ts:78
[ 1983681ms] [ERROR] Warning: %s: `ref` is not a prop. Trying to access it will result in `undefined` being returned. If you need to access the same value within the child component, you should pass it as a different prop. (https://reactjs.org/link/special-props)%s [object Object] 
    at PopChild (webpack-internal:///(app-pages-browser)/./node_modules/framer-motion/dist/es/components/AnimatePresence/PopChild.mjs:46:11)
    at PresenceChild (webpack-internal:///(app-pages-browser)/./node_modules/framer-motion/dist/es/components/AnimatePresence/PresenceChild.mjs:18:11)
    at AnimatePresence (webpack-internal:///(app-pages-browser)/./node_modules/framer-motion/dist/es/components/AnimatePresence/index.mjs:55:11)
    at StickyNote (webpack-internal:///(app-pages-browser)/./src/components/StickyNote.tsx:15:11)
    at div
    at div
    at div
    at TimelineCarousel (webpack-internal:///(app-pages-browser)/./src/components/TimelineCarousel.tsx:156:11)
    at Suspense
    at LoadableComponent
    at div
    at main
    at Home (webpack-internal:///(app-pages-browser)/./src/app/page.tsx:52:88)
    at ClientPageRoot (webpack-internal:///(app-pages-browser)/./node_modules/next/dist/client/components/client-page.js:14:11)
    at InnerLayoutRouter (webpack-internal:///(app-pages-browser)/./node_modules/next/dist/client/components/layout-router.js:243:11)
    at RedirectErrorBoundary (webpack-internal:///(app-pages-browser)/./node_modules/next/dist/client/components/redirect-boundary.js:74:9)
    at RedirectBoundary (webpack-internal:///(app-pages-browser)/./node_modules/next/dist/client/components/redirect-boundary.js:82:11)
    at NotFoundErrorBoundary (webpack-internal:///(app-pages-browser)/./node_modules/next/dist/client/components/not-found-boundary.js:76:9)
    at NotFoundBoundary (webpack-internal:///(app-pages-browser)/./node_modules/next/dist/client/components/not-found-boundary.js:84:11)
    at LoadingBoundary (webpack-internal:///(app-pages-browser)/./node_modules/next/dist/client/components/layout-router.js:349:11)
    at ErrorBoundary (webpack-internal:///(app-pages-browser)/./node_modules/next/dist/client/components/error-boundary.js:160:11)
    at InnerScrollAndFocusHandler (webpack-internal:///(app-pages-browser)/./node_modules/next/dist/client/components/layout-router.js:153:9)
    at ScrollAndFocusHandler (webpack-internal:///(app-pages-browser)/./node_modules/next/dist/client/components/layout-router.js:228:11)
    at RenderFromTemplateContext (webpack-internal:///(app-pages-browser)/./node_modules/next/dist/client/components/render-from-template-context.js:16:44)
    at OuterLayoutRouter (webpack-internal:///(app-pages-browser)/./node_modules/next/dist/client/components/layout-router.js:370:11)
    at body
    at html
    at RootLayout (Server)
    at RedirectErrorBoundary (webpack-internal:///(app-pages-browser)/./node_modules/next/dist/client/components/redirect-boundary.js:74:9)
    at RedirectBoundary (webpack-internal:///(app-pages-browser)/./node_modules/next/dist/client/components/redirect-boundary.js:82:11)
    at NotFoundErrorBoundary (webpack-internal:///(app-pages-browser)/./node_modules/next/dist/client/components/not-found-boundary.js:76:9)
    at NotFoundBoundary (webpack-internal:///(app-pages-browser)/./node_modules/next/dist/client/components/not-found-boundary.js:84:11)
    at DevRootNotFoundBoundary (webpack-internal:///(app-pages-browser)/./node_modules/next/dist/client/components/dev-root-not-found-boundary.js:33:11)
    at ReactDevOverlay (webpack-internal:///(app-pages-browser)/./node_modules/next/dist/client/components/react-dev-overlay/app/ReactDevOverlay.js:87:9)
    at HotReload (webpack-internal:///(app-pages-browser)/./node_modules/next/dist/client/components/react-dev-overlay/app/hot-reloader-client.js:321:11)
    at Router (webpack-internal:///(app-pages-browser)/./node_modules/next/dist/client/components/app-router.js:207:11)
    at ErrorBoundaryHandler (webpack-internal:///(app-pages-browser)/./node_modules/next/dist/client/components/error-boundary.js:113:9)
    at ErrorBoundary (webpack-internal:///(app-pages-browser)/./node_modules/next/dist/client/components/error-boundary.js:160:11)
    at AppRouter (webpack-internal:///(app-pages-browser)/./node_modules/next/dist/client/components/app-router.js:585:13)
    at ServerRoot (webpack-internal:///(app-pages-browser)/./node_modules/next/dist/client/app-index.js:112:27)
    at Root (webpack-internal:///(app-pages-browser)/./node_modules/next/dist/client/app-index.js:117:11) @ webpack-internal:///(app-pages-browser)/./node_modules/next/dist/client/app-index.js:32
[ 1985047ms] [ERROR] Failed to load resource: the server responded with a status of 404 (Not Found) @ http://localhost:3004/favicon.ico:0
[ 1990402ms] [LOG] [Fast Refresh] rebuilding @ webpack-internal:///(app-pages-browser)/./node_modules/next/dist/client/components/react-dev-overlay/app/hot-reloader-client.js:186
[ 1990616ms] [LOG] [Fast Refresh] rebuilding @ webpack-internal:///(app-pages-browser)/./node_modules/next/dist/client/components/react-dev-overlay/app/hot-reloader-client.js:186
[ 1990648ms] [LOG] [Fast Refresh] done in 33ms @ webpack-internal:///(app-pages-browser)/./node_modules/next/dist/client/components/react-dev-overlay/app/hot-reloader-client.js:43
[ 1991068ms] [LOG] [Fast Refresh] done in 453ms @ webpack-internal:///(app-pages-browser)/./node_modules/next/dist/client/components/react-dev-overlay/app/hot-reloader-client.js:43
[ 1996993ms] [LOG] [Fast Refresh] rebuilding @ webpack-internal:///(app-pages-browser)/./node_modules/next/dist/client/components/react-dev-overlay/app/hot-reloader-client.js:186
[ 1997527ms] [LOG] [Fast Refresh] done in 534ms @ webpack-internal:///(app-pages-browser)/./node_modules/next/dist/client/components/react-dev-overlay/app/hot-reloader-client.js:43
[ 2008912ms] [LOG] [Fast Refresh] rebuilding @ webpack-internal:///(app-pages-browser)/./node_modules/next/dist/client/components/react-dev-overlay/app/hot-reloader-client.js:186
[ 2009163ms] [LOG] [Fast Refresh] rebuilding @ webpack-internal:///(app-pages-browser)/./node_modules/next/dist/client/components/react-dev-overlay/app/hot-reloader-client.js:186
[ 2009179ms] [LOG] [Fast Refresh] done in 16ms @ webpack-internal:///(app-pages-browser)/./node_modules/next/dist/client/components/react-dev-overlay/app/hot-reloader-client.js:43
[ 2009742ms] [LOG] [Fast Refresh] done in 579ms @ webpack-internal:///(app-pages-browser)/./node_modules/next/dist/client/components/react-dev-overlay/app/hot-reloader-client.js:43
